Testing extraction on: C:\Users\ychum\.gemini\antigravity\scratch\chst-chatbot-v1\documents\member\6db277d2-9162-4792-9270-01b5927cb862.pdf
node.exe : Error extracting text from PDF: 
TypeError: pdfParse is not a function
At line:1 char:1
+ & "C:\Program Files\nodejs/node.exe" 
"C:\Program Files\nodejs/node_mo ...
+ ~~~~~~~~~~~~~~~~~~~~~~~~~~~~~~~~~~~~~~~~~~~~~~~
~~~~~~~~~~~~~~~~~~~~~~
    + CategoryInfo          : NotSpecified: (Err 
   or extractin... not a function:String) [], R  
  emoteException
    + FullyQualifiedErrorId : NativeCommandError
 
    at extractTextFromPDF (C:\Users\ychum\.gemini
\antigravity\scratch\chst-chatbot-v1\lib\rag\pdfP
rocessor.ts:13:28)
    at async test (C:\Users\ychum\.gemini\antigra
vity\scratch\chst-chatbot-v1\scripts\test-pdf-ext
raction.ts:29:22)
Test failed with error:
Message: Failed to extract text from PDF
Stack: Error: Failed to extract text from PDF
    at extractTextFromPDF (C:\Users\ychum\.gemini\antigravity\scratch\chst-chatbot-v1\lib\rag\pdfProcessor.ts:17:15)
    at async test (C:\Users\ychum\.gemini\antigravity\scratch\chst-chatbot-v1\scripts\test-pdf-extraction.ts:29:22)
